arm-none-eabi-gcc -o "controlnucleo.elf" @"objects.list"   -mcpu=cortex-m4 -T"C:\Users\asrol\Documents\stm32-xx\lab6\controlnucleo\STM32F446RETX_FLASH.ld" --specs=nosys.specs -Wl,-Map="controlnucleo.map" -Wl,--gc-sections -static --specs=nano.specs -mfpu=fpv4-sp-d16 -mfloat-abi=hard -mthumb -Wl,--start-group -lc -lm -Wl,--end-group
Finished building target: controlnucleo.elf
 
arm-none-eabi-size  controlnucleo.elf 
arm-none-eabi-objdump -h -S controlnucleo.elf  > "controlnucleo.list"
   text	   data	    bss	    dec	    hex	filename
  11836	     12	   1740	  13588	   3514	controlnucleo.elf
Finished building: default.size.stdout
 
Finished building: controlnucleo.list
 

23:13:07 Build Finished. 0 errors, 8 warnings. (took 12s.771ms)

23:13:08 **** Incremental Build of configuration Debug for project controlnucleo ****
make -j16 all 
arm-none-eabi-size  controlnucleo.elf 
   text	   data	    bss	    dec	    hex	filename
  11836	     12	   1740	  13588	   3514	controlnucleo.elf
Finished building: default.size.stdout
 

23:13:08 Build Finished. 0 errors, 0 warnings. (took 347ms)

23:13:09 **** Incremental Build of configuration Debug for project controlnucleo ****
make -j16 all 
arm-none-eabi-size  controlnucleo.elf 
   text	   data	    bss	    dec	    hex	filename
  11836	     12	   1740	  13588	   3514	controlnucleo.elf
Finished building: default.size.stdout
 
23:13:09 **** Incremental Build of configuration Debug for project controlnucleo ****
make -j16 all 
arm-none-eabi-size  controlnucleo.elf 
   text	   data	    bss	    dec	    hex	filename
  11836	     12	   1740	  13588	   3514	controlnucleo.elf
Finished building: default.size.stdout
 
23:14:55 **** Incremental Build of configuration Debug for project controlnucleo ****
make -j16 all 
arm-none-eabi-size  controlnucleo.elf 
   text	   data	    bss	    dec	    hex	filename
  11836	     12	   1740	  13588	   3514	controlnucleo.elf
Finished building: default.size.stdout
 
