arm-none-eabi-gcc -o "controlnucleo.elf" @"objects.list"   -mcpu=cortex-m4 -T"C:\Users\asrol\Documents\stm32-xx\lab6\controlnucleo\STM32F446RETX_FLASH.ld" --specs=nosys.specs -Wl,-Map="controlnucleo.map" -Wl,--gc-sections -static --specs=nano.specs -mfpu=fpv4-sp-d16 -mfloat-abi=hard -mthumb -Wl,--start-group -lc -lm -Wl,--end-group
Finished building target: controlnucleo.elf
 
arm-none-eabi-size  controlnucleo.elf 
arm-none-eabi-objdump -h -S controlnucleo.elf  > "controlnucleo.list"
   text	   data	    bss	    dec	    hex	filename
   8944	     12	   1644	  10600	   2968	controlnucleo.elf
Finished building: default.size.stdout
 
Finished building: controlnucleo.list
 

00:51:53 Build Finished. 0 errors, 0 warnings. (took 2s.344ms)

00:51:54 **** Incremental Build of configuration Debug for project controlnucleo ****
make -j16 all 
arm-none-eabi-size  controlnucleo.elf 
   text	   data	    bss	    dec	    hex	filename
   8944	     12	   1644	  10600	   2968	controlnucleo.elf
Finished building: default.size.stdout
 
00:52:02 **** Incremental Build of configuration Debug for project controlnucleo ****
make -j16 all 
arm-none-eabi-size  controlnucleo.elf 
   text	   data	    bss	    dec	    hex	filename
   8944	     12	   1644	  10600	   2968	controlnucleo.elf
Finished building: default.size.stdout
 
